Archive member included because of file (symbol)

/usr/lib/gcc/avr/4.8.2/avr4/libgcc.a(_exit.o)
                              /usr/lib/gcc/avr/4.8.2/../../../avr/lib/avr4/crtm8.o (exit)
/usr/lib/gcc/avr/4.8.2/avr4/libgcc.a(_clear_bss.o)
                              obj/Release/main.o (__do_clear_bss)
/usr/lib/gcc/avr/4.8.2/../../../avr/lib/avr4/libm.a(addsf3.o)
                              obj/Release/main.o (__subsf3)
/usr/lib/gcc/avr/4.8.2/../../../avr/lib/avr4/libm.a(addsf3x.o)
                              /usr/lib/gcc/avr/4.8.2/../../../avr/lib/avr4/libm.a(addsf3.o) (__addsf3x)
/usr/lib/gcc/avr/4.8.2/../../../avr/lib/avr4/libm.a(ceil.o)
                              obj/Release/main.o (ceil)
/usr/lib/gcc/avr/4.8.2/../../../avr/lib/avr4/libm.a(cmpsf2.o)
                              obj/Release/main.o (__nesf2)
/usr/lib/gcc/avr/4.8.2/../../../avr/lib/avr4/libm.a(divsf3.o)
                              obj/Release/main.o (__divsf3)
/usr/lib/gcc/avr/4.8.2/../../../avr/lib/avr4/libm.a(divsf3x.o)
                              /usr/lib/gcc/avr/4.8.2/../../../avr/lib/avr4/libm.a(divsf3.o) (__divsf3x)
/usr/lib/gcc/avr/4.8.2/../../../avr/lib/avr4/libm.a(fixunssfsi.o)
                              obj/Release/main.o (__fixunssfsi)
/usr/lib/gcc/avr/4.8.2/../../../avr/lib/avr4/libm.a(floatsisf.o)
                              obj/Release/main.o (__floatunsisf)
/usr/lib/gcc/avr/4.8.2/../../../avr/lib/avr4/libm.a(fp_cmp.o)
                              /usr/lib/gcc/avr/4.8.2/../../../avr/lib/avr4/libm.a(cmpsf2.o) (__fp_cmp)
/usr/lib/gcc/avr/4.8.2/../../../avr/lib/avr4/libm.a(fp_inf.o)
                              /usr/lib/gcc/avr/4.8.2/../../../avr/lib/avr4/libm.a(addsf3x.o) (__fp_inf)
/usr/lib/gcc/avr/4.8.2/../../../avr/lib/avr4/libm.a(fp_mintl.o)
                              /usr/lib/gcc/avr/4.8.2/../../../avr/lib/avr4/libm.a(ceil.o) (__fp_mintl)
/usr/lib/gcc/avr/4.8.2/../../../avr/lib/avr4/libm.a(fp_mpack.o)
                              /usr/lib/gcc/avr/4.8.2/../../../avr/lib/avr4/libm.a(ceil.o) (__fp_mpack)
/usr/lib/gcc/avr/4.8.2/../../../avr/lib/avr4/libm.a(fp_nan.o)
                              /usr/lib/gcc/avr/4.8.2/../../../avr/lib/avr4/libm.a(addsf3x.o) (__fp_nan)
/usr/lib/gcc/avr/4.8.2/../../../avr/lib/avr4/libm.a(fp_pscA.o)
                              /usr/lib/gcc/avr/4.8.2/../../../avr/lib/avr4/libm.a(addsf3x.o) (__fp_pscA)
/usr/lib/gcc/avr/4.8.2/../../../avr/lib/avr4/libm.a(fp_pscB.o)
                              /usr/lib/gcc/avr/4.8.2/../../../avr/lib/avr4/libm.a(addsf3x.o) (__fp_pscB)
/usr/lib/gcc/avr/4.8.2/../../../avr/lib/avr4/libm.a(fp_round.o)
                              /usr/lib/gcc/avr/4.8.2/../../../avr/lib/avr4/libm.a(addsf3.o) (__fp_round)
/usr/lib/gcc/avr/4.8.2/../../../avr/lib/avr4/libm.a(fp_split3.o)
                              /usr/lib/gcc/avr/4.8.2/../../../avr/lib/avr4/libm.a(addsf3x.o) (__fp_split3)
/usr/lib/gcc/avr/4.8.2/../../../avr/lib/avr4/libm.a(fp_trunc.o)
                              /usr/lib/gcc/avr/4.8.2/../../../avr/lib/avr4/libm.a(ceil.o) (__fp_trunc)
/usr/lib/gcc/avr/4.8.2/../../../avr/lib/avr4/libm.a(fp_zero.o)
                              /usr/lib/gcc/avr/4.8.2/../../../avr/lib/avr4/libm.a(addsf3x.o) (__fp_zero)
/usr/lib/gcc/avr/4.8.2/../../../avr/lib/avr4/libm.a(mulsf3.o)
                              obj/Release/main.o (__mulsf3)
/usr/lib/gcc/avr/4.8.2/../../../avr/lib/avr4/libm.a(mulsf3x.o)
                              /usr/lib/gcc/avr/4.8.2/../../../avr/lib/avr4/libm.a(mulsf3.o) (__mulsf3x)
/usr/lib/gcc/avr/4.8.2/../../../avr/lib/avr4/libc.a(rand.o)
                              obj/Release/main.o (rand)
/usr/lib/gcc/avr/4.8.2/avr4/libgcc.a(_muluhisi3.o)
                              /usr/lib/gcc/avr/4.8.2/../../../avr/lib/avr4/libc.a(rand.o) (__muluhisi3)
/usr/lib/gcc/avr/4.8.2/avr4/libgcc.a(_mulshisi3.o)
                              /usr/lib/gcc/avr/4.8.2/../../../avr/lib/avr4/libc.a(rand.o) (__mulohisi3)
/usr/lib/gcc/avr/4.8.2/avr4/libgcc.a(_divmodsi4.o)
                              /usr/lib/gcc/avr/4.8.2/../../../avr/lib/avr4/libc.a(rand.o) (__divmodsi4)
/usr/lib/gcc/avr/4.8.2/avr4/libgcc.a(_negsi2.o)
                              /usr/lib/gcc/avr/4.8.2/avr4/libgcc.a(_divmodsi4.o) (__negsi2)
/usr/lib/gcc/avr/4.8.2/avr4/libgcc.a(_copy_data.o)
                              /usr/lib/gcc/avr/4.8.2/../../../avr/lib/avr4/libc.a(rand.o) (__do_copy_data)
/usr/lib/gcc/avr/4.8.2/avr4/libgcc.a(_umulhisi3.o)
                              /usr/lib/gcc/avr/4.8.2/avr4/libgcc.a(_muluhisi3.o) (__umulhisi3)
/usr/lib/gcc/avr/4.8.2/avr4/libgcc.a(_udivmodsi4.o)
                              /usr/lib/gcc/avr/4.8.2/avr4/libgcc.a(_divmodsi4.o) (__udivmodsi4)

Allocating common symbols
Common symbol       size              file

tgreen              0x2               obj/Release/main.o
blue                0x4               obj/Release/main.o
delta_green         0x4               obj/Release/main.o
delta_blue          0x4               obj/Release/main.o
tblue               0x2               obj/Release/main.o
tred                0x2               obj/Release/main.o
green               0x4               obj/Release/main.o
red                 0x4               obj/Release/main.o
time                0x2               obj/Release/main.o
delta_red           0x4               obj/Release/main.o

Memory Configuration

Name             Origin             Length             Attributes
text             0x00000000         0x00002000         xr
data             0x00800060         0x0000ffa0         rw !x
eeprom           0x00810000         0x00010000         rw !x
fuse             0x00820000         0x00000400         rw !x
lock             0x00830000         0x00000400         rw !x
signature        0x00840000         0x00000400         rw !x
user_signatures  0x00850000         0x00000400         rw !x
*default*        0x00000000         0xffffffff

Linker script and memory map

LOAD /usr/lib/gcc/avr/4.8.2/../../../avr/lib/avr4/crtm8.o
LOAD obj/Release/main.o
LOAD /usr/lib/gcc/avr/4.8.2/avr4/libgcc.a
LOAD /usr/lib/gcc/avr/4.8.2/../../../avr/lib/avr4/libm.a
START GROUP
LOAD /usr/lib/gcc/avr/4.8.2/avr4/libgcc.a
LOAD /usr/lib/gcc/avr/4.8.2/../../../avr/lib/avr4/libm.a
LOAD /usr/lib/gcc/avr/4.8.2/../../../avr/lib/avr4/libc.a
END GROUP

.hash
 *(.hash)

.dynsym
 *(.dynsym)

.dynstr
 *(.dynstr)

.gnu.version
 *(.gnu.version)

.gnu.version_d
 *(.gnu.version_d)

.gnu.version_r
 *(.gnu.version_r)

.rel.init
 *(.rel.init)

.rela.init
 *(.rela.init)

.rel.text
 *(.rel.text)
 *(.rel.text.*)
 *(.rel.gnu.linkonce.t*)

.rela.text
 *(.rela.text)
 *(.rela.text.*)
 *(.rela.gnu.linkonce.t*)

.rel.fini
 *(.rel.fini)

.rela.fini
 *(.rela.fini)

.rel.rodata
 *(.rel.rodata)
 *(.rel.rodata.*)
 *(.rel.gnu.linkonce.r*)

.rela.rodata
 *(.rela.rodata)
 *(.rela.rodata.*)
 *(.rela.gnu.linkonce.r*)

.rel.data
 *(.rel.data)
 *(.rel.data.*)
 *(.rel.gnu.linkonce.d*)

.rela.data
 *(.rela.data)
 *(.rela.data.*)
 *(.rela.gnu.linkonce.d*)

.rel.ctors
 *(.rel.ctors)

.rela.ctors
 *(.rela.ctors)

.rel.dtors
 *(.rel.dtors)

.rela.dtors
 *(.rela.dtors)

.rel.got
 *(.rel.got)

.rela.got
 *(.rela.got)

.rel.bss
 *(.rel.bss)

.rela.bss
 *(.rela.bss)

.rel.plt
 *(.rel.plt)

.rela.plt
 *(.rela.plt)

.text           0x00000000      0xb78
 *(.vectors)
 .vectors       0x00000000       0x26 /usr/lib/gcc/avr/4.8.2/../../../avr/lib/avr4/crtm8.o
                0x00000000                __vectors
                0x00000000                __vector_default
 *(.vectors)
 *(.progmem.gcc*)
 *(.progmem*)
                0x00000026                . = ALIGN (0x2)
                0x00000026                __trampolines_start = .
 *(.trampolines)
 .trampolines   0x00000026        0x0 linker stubs
 *(.trampolines*)
                0x00000026                __trampolines_end = .
 *(.jumptables)
 *(.jumptables*)
 *(.lowtext)
 *(.lowtext*)
                0x00000026                __ctors_start = .
 *(.ctors)
                0x00000026                __ctors_end = .
                0x00000026                __dtors_start = .
 *(.dtors)
                0x00000026                __dtors_end = .
 SORT(*)(.ctors)
 SORT(*)(.dtors)
 *(.init0)
 .init0         0x00000026        0x0 /usr/lib/gcc/avr/4.8.2/../../../avr/lib/avr4/crtm8.o
                0x00000026                __init
 *(.init0)
 *(.init1)
 *(.init1)
 *(.init2)
 .init2         0x00000026        0xc /usr/lib/gcc/avr/4.8.2/../../../avr/lib/avr4/crtm8.o
 *(.init2)
 *(.init3)
 *(.init3)
 *(.init4)
 .init4         0x00000032       0x10 /usr/lib/gcc/avr/4.8.2/avr4/libgcc.a(_clear_bss.o)
                0x00000032                __do_clear_bss
 .init4         0x00000042       0x16 /usr/lib/gcc/avr/4.8.2/avr4/libgcc.a(_copy_data.o)
                0x00000042                __do_copy_data
 *(.init4)
 *(.init5)
 *(.init5)
 *(.init6)
 *(.init6)
 *(.init7)
 *(.init7)
 *(.init8)
 *(.init8)
 *(.init9)
 .init9         0x00000058        0x4 /usr/lib/gcc/avr/4.8.2/../../../avr/lib/avr4/crtm8.o
 *(.init9)
 *(.text)
 .text          0x0000005c        0x2 /usr/lib/gcc/avr/4.8.2/../../../avr/lib/avr4/crtm8.o
                0x0000005c                __vector_1
                0x0000005c                __vector_12
                0x0000005c                __bad_interrupt
                0x0000005c                __vector_6
                0x0000005c                __vector_3
                0x0000005c                __vector_11
                0x0000005c                __vector_13
                0x0000005c                __vector_17
                0x0000005c                __vector_7
                0x0000005c                __vector_5
                0x0000005c                __vector_4
                0x0000005c                __vector_9
                0x0000005c                __vector_2
                0x0000005c                __vector_15
                0x0000005c                __vector_8
                0x0000005c                __vector_14
                0x0000005c                __vector_10
                0x0000005c                __vector_16
                0x0000005c                __vector_18
 .text          0x0000005e       0x5a obj/Release/main.o
                0x0000005e                generate_tagert_color
                0x000000a4                delay
 .text          0x000000b8        0x0 /usr/lib/gcc/avr/4.8.2/avr4/libgcc.a(_exit.o)
 .text          0x000000b8        0x0 /usr/lib/gcc/avr/4.8.2/avr4/libgcc.a(_clear_bss.o)
 .text          0x000000b8        0x0 /usr/lib/gcc/avr/4.8.2/../../../avr/lib/avr4/libm.a(addsf3.o)
 .text          0x000000b8        0x0 /usr/lib/gcc/avr/4.8.2/../../../avr/lib/avr4/libm.a(addsf3x.o)
 .text          0x000000b8        0x0 /usr/lib/gcc/avr/4.8.2/../../../avr/lib/avr4/libm.a(ceil.o)
 .text          0x000000b8        0x0 /usr/lib/gcc/avr/4.8.2/../../../avr/lib/avr4/libm.a(cmpsf2.o)
 .text          0x000000b8        0x0 /usr/lib/gcc/avr/4.8.2/../../../avr/lib/avr4/libm.a(divsf3.o)
 .text          0x000000b8        0x0 /usr/lib/gcc/avr/4.8.2/../../../avr/lib/avr4/libm.a(divsf3x.o)
 .text          0x000000b8        0x0 /usr/lib/gcc/avr/4.8.2/../../../avr/lib/avr4/libm.a(fixunssfsi.o)
 .text          0x000000b8        0x0 /usr/lib/gcc/avr/4.8.2/../../../avr/lib/avr4/libm.a(floatsisf.o)
 .text          0x000000b8        0x0 /usr/lib/gcc/avr/4.8.2/../../../avr/lib/avr4/libm.a(fp_cmp.o)
 .text          0x000000b8        0x0 /usr/lib/gcc/avr/4.8.2/../../../avr/lib/avr4/libm.a(fp_inf.o)
 .text          0x000000b8        0x0 /usr/lib/gcc/avr/4.8.2/../../../avr/lib/avr4/libm.a(fp_mintl.o)
 .text          0x000000b8        0x0 /usr/lib/gcc/avr/4.8.2/../../../avr/lib/avr4/libm.a(fp_mpack.o)
 .text          0x000000b8        0x0 /usr/lib/gcc/avr/4.8.2/../../../avr/lib/avr4/libm.a(fp_nan.o)
 .text          0x000000b8        0x0 /usr/lib/gcc/avr/4.8.2/../../../avr/lib/avr4/libm.a(fp_pscA.o)
 .text          0x000000b8        0x0 /usr/lib/gcc/avr/4.8.2/../../../avr/lib/avr4/libm.a(fp_pscB.o)
 .text          0x000000b8        0x0 /usr/lib/gcc/avr/4.8.2/../../../avr/lib/avr4/libm.a(fp_round.o)
 .text          0x000000b8        0x0 /usr/lib/gcc/avr/4.8.2/../../../avr/lib/avr4/libm.a(fp_split3.o)
 .text          0x000000b8        0x0 /usr/lib/gcc/avr/4.8.2/../../../avr/lib/avr4/libm.a(fp_trunc.o)
 .text          0x000000b8        0x0 /usr/lib/gcc/avr/4.8.2/../../../avr/lib/avr4/libm.a(fp_zero.o)
 .text          0x000000b8        0x0 /usr/lib/gcc/avr/4.8.2/../../../avr/lib/avr4/libm.a(mulsf3.o)
 .text          0x000000b8        0x0 /usr/lib/gcc/avr/4.8.2/../../../avr/lib/avr4/libm.a(mulsf3x.o)
 .text          0x000000b8        0x0 /usr/lib/gcc/avr/4.8.2/../../../avr/lib/avr4/libc.a(rand.o)
 .text          0x000000b8        0x0 /usr/lib/gcc/avr/4.8.2/avr4/libgcc.a(_muluhisi3.o)
 .text          0x000000b8        0x0 /usr/lib/gcc/avr/4.8.2/avr4/libgcc.a(_mulshisi3.o)
 .text          0x000000b8        0x0 /usr/lib/gcc/avr/4.8.2/avr4/libgcc.a(_divmodsi4.o)
 .text          0x000000b8        0x0 /usr/lib/gcc/avr/4.8.2/avr4/libgcc.a(_negsi2.o)
 .text          0x000000b8        0x0 /usr/lib/gcc/avr/4.8.2/avr4/libgcc.a(_copy_data.o)
 .text          0x000000b8        0x0 /usr/lib/gcc/avr/4.8.2/avr4/libgcc.a(_umulhisi3.o)
 .text          0x000000b8        0x0 /usr/lib/gcc/avr/4.8.2/avr4/libgcc.a(_udivmodsi4.o)
                0x000000b8                . = ALIGN (0x2)
 *(.text.*)
 .text.startup  0x000000b8      0x48c obj/Release/main.o
                0x000000b8                main
 .text.libgcc.mul
                0x00000544        0x0 /usr/lib/gcc/avr/4.8.2/avr4/libgcc.a(_exit.o)
 .text.libgcc.div
                0x00000544        0x0 /usr/lib/gcc/avr/4.8.2/avr4/libgcc.a(_exit.o)
 .text.libgcc   0x00000544        0x0 /usr/lib/gcc/avr/4.8.2/avr4/libgcc.a(_exit.o)
 .text.libgcc.prologue
                0x00000544        0x0 /usr/lib/gcc/avr/4.8.2/avr4/libgcc.a(_exit.o)
 .text.libgcc.builtins
                0x00000544        0x0 /usr/lib/gcc/avr/4.8.2/avr4/libgcc.a(_exit.o)
 .text.libgcc.fmul
                0x00000544        0x0 /usr/lib/gcc/avr/4.8.2/avr4/libgcc.a(_exit.o)
 .text.libgcc.fixed
                0x00000544        0x0 /usr/lib/gcc/avr/4.8.2/avr4/libgcc.a(_exit.o)
 .text.libgcc.mul
                0x00000544        0x0 /usr/lib/gcc/avr/4.8.2/avr4/libgcc.a(_clear_bss.o)
 .text.libgcc.div
                0x00000544        0x0 /usr/lib/gcc/avr/4.8.2/avr4/libgcc.a(_clear_bss.o)
 .text.libgcc   0x00000544        0x0 /usr/lib/gcc/avr/4.8.2/avr4/libgcc.a(_clear_bss.o)
 .text.libgcc.prologue
                0x00000544        0x0 /usr/lib/gcc/avr/4.8.2/avr4/libgcc.a(_clear_bss.o)
 .text.libgcc.builtins
                0x00000544        0x0 /usr/lib/gcc/avr/4.8.2/avr4/libgcc.a(_clear_bss.o)
 .text.libgcc.fmul
                0x00000544        0x0 /usr/lib/gcc/avr/4.8.2/avr4/libgcc.a(_clear_bss.o)
 .text.libgcc.fixed
                0x00000544        0x0 /usr/lib/gcc/avr/4.8.2/avr4/libgcc.a(_clear_bss.o)
 .text.avr-libc.fplib
                0x00000544        0xa /usr/lib/gcc/avr/4.8.2/../../../avr/lib/avr4/libm.a(addsf3.o)
                0x00000544                __subsf3
                0x00000546                __addsf3
 .text.avr-libc.fplib
                0x0000054e       0xc0 /usr/lib/gcc/avr/4.8.2/../../../avr/lib/avr4/libm.a(addsf3x.o)
                0x00000568                __addsf3x
 .text.avr-libc.fplib
                0x0000060e       0x26 /usr/lib/gcc/avr/4.8.2/../../../avr/lib/avr4/libm.a(ceil.o)
                0x0000060e                ceil
 .text.avr-libc.fplib
                0x00000634        0x8 /usr/lib/gcc/avr/4.8.2/../../../avr/lib/avr4/libm.a(cmpsf2.o)
                0x00000634                __lesf2
                0x00000634                __nesf2
                0x00000634                __eqsf2
                0x00000634                __cmpsf2
                0x00000634                __ltsf2
 .text.avr-libc.fplib
                0x0000063c        0x4 /usr/lib/gcc/avr/4.8.2/../../../avr/lib/avr4/libm.a(divsf3.o)
                0x0000063c                __divsf3
 .text.avr-libc.fplib
                0x00000640       0xcc /usr/lib/gcc/avr/4.8.2/../../../avr/lib/avr4/libm.a(divsf3x.o)
                0x00000656                __divsf3x
                0x0000065a                __divsf3_pse
 .text.avr-libc.fplib
                0x0000070c       0x58 /usr/lib/gcc/avr/4.8.2/../../../avr/lib/avr4/libm.a(fixunssfsi.o)
                0x0000070c                __fixunssfsi
 .text.avr-libc.fplib
                0x00000764       0x7a /usr/lib/gcc/avr/4.8.2/../../../avr/lib/avr4/libm.a(floatsisf.o)
                0x00000764                __floatunsisf
                0x00000768                __floatsisf
 .text.avr-libc.fplib
                0x000007de       0x48 /usr/lib/gcc/avr/4.8.2/../../../avr/lib/avr4/libm.a(fp_cmp.o)
                0x000007de                __fp_cmp
 .text.avr-libc.fplib
                0x00000826        0xc /usr/lib/gcc/avr/4.8.2/../../../avr/lib/avr4/libm.a(fp_inf.o)
                0x00000826                __fp_inf
 .text.avr-libc.fplib
                0x00000832       0x36 /usr/lib/gcc/avr/4.8.2/../../../avr/lib/avr4/libm.a(fp_mintl.o)
                0x00000832                __fp_mintl
 .text.avr-libc.fplib
                0x00000868       0x1c /usr/lib/gcc/avr/4.8.2/../../../avr/lib/avr4/libm.a(fp_mpack.o)
                0x00000868                __fp_mpack
                0x0000086c                __fp_mpack_finite
 .text.avr-libc.fplib
                0x00000884        0x6 /usr/lib/gcc/avr/4.8.2/../../../avr/lib/avr4/libm.a(fp_nan.o)
                0x00000884                __fp_nan
 .text.avr-libc.fplib
                0x0000088a        0xe /usr/lib/gcc/avr/4.8.2/../../../avr/lib/avr4/libm.a(fp_pscA.o)
                0x0000088a                __fp_pscA
 .text.avr-libc.fplib
                0x00000898        0xe /usr/lib/gcc/avr/4.8.2/../../../avr/lib/avr4/libm.a(fp_pscB.o)
                0x00000898                __fp_pscB
 .text.avr-libc.fplib
                0x000008a6       0x22 /usr/lib/gcc/avr/4.8.2/../../../avr/lib/avr4/libm.a(fp_round.o)
                0x000008a6                __fp_round
 .text.avr-libc.fplib
                0x000008c8       0x44 /usr/lib/gcc/avr/4.8.2/../../../avr/lib/avr4/libm.a(fp_split3.o)
                0x000008c8                __fp_split3
                0x000008d8                __fp_splitA
 .text.avr-libc.fplib
                0x0000090c       0x2e /usr/lib/gcc/avr/4.8.2/../../../avr/lib/avr4/libm.a(fp_trunc.o)
                0x0000090c                __fp_trunc
 .text.avr-libc.fplib
                0x0000093a        0xe /usr/lib/gcc/avr/4.8.2/../../../avr/lib/avr4/libm.a(fp_zero.o)
                0x0000093a                __fp_zero
                0x0000093c                __fp_szero
 .text.avr-libc.fplib
                0x00000948        0x4 /usr/lib/gcc/avr/4.8.2/../../../avr/lib/avr4/libm.a(mulsf3.o)
                0x00000948                __mulsf3
 .text.avr-libc.fplib
                0x0000094c       0xc2 /usr/lib/gcc/avr/4.8.2/../../../avr/lib/avr4/libm.a(mulsf3x.o)
                0x00000960                __mulsf3x
                0x00000964                __mulsf3_pse
 .text.avr-libc
                0x00000a0e       0xb2 /usr/lib/gcc/avr/4.8.2/../../../avr/lib/avr4/libc.a(rand.o)
                0x00000a9e                rand_r
                0x00000aa2                rand
                0x00000aaa                srand
 .text.libgcc.mul
                0x00000ac0       0x14 /usr/lib/gcc/avr/4.8.2/avr4/libgcc.a(_muluhisi3.o)
                0x00000ac0                __muluhisi3
 .text.libgcc.div
                0x00000ad4        0x0 /usr/lib/gcc/avr/4.8.2/avr4/libgcc.a(_muluhisi3.o)
 .text.libgcc   0x00000ad4        0x0 /usr/lib/gcc/avr/4.8.2/avr4/libgcc.a(_muluhisi3.o)
 .text.libgcc.prologue
                0x00000ad4        0x0 /usr/lib/gcc/avr/4.8.2/avr4/libgcc.a(_muluhisi3.o)
 .text.libgcc.builtins
                0x00000ad4        0x0 /usr/lib/gcc/avr/4.8.2/avr4/libgcc.a(_muluhisi3.o)
 .text.libgcc.fmul
                0x00000ad4        0x0 /usr/lib/gcc/avr/4.8.2/avr4/libgcc.a(_muluhisi3.o)
 .text.libgcc.fixed
                0x00000ad4        0x0 /usr/lib/gcc/avr/4.8.2/avr4/libgcc.a(_muluhisi3.o)
 .text.libgcc.mul
                0x00000ad4        0xc /usr/lib/gcc/avr/4.8.2/avr4/libgcc.a(_mulshisi3.o)
                0x00000ad4                __mulshisi3
                0x00000ad8                __mulohisi3
 .text.libgcc.div
                0x00000ae0        0x0 /usr/lib/gcc/avr/4.8.2/avr4/libgcc.a(_mulshisi3.o)
 .text.libgcc   0x00000ae0        0x0 /usr/lib/gcc/avr/4.8.2/avr4/libgcc.a(_mulshisi3.o)
 .text.libgcc.prologue
                0x00000ae0        0x0 /usr/lib/gcc/avr/4.8.2/avr4/libgcc.a(_mulshisi3.o)
 .text.libgcc.builtins
                0x00000ae0        0x0 /usr/lib/gcc/avr/4.8.2/avr4/libgcc.a(_mulshisi3.o)
 .text.libgcc.fmul
                0x00000ae0        0x0 /usr/lib/gcc/avr/4.8.2/avr4/libgcc.a(_mulshisi3.o)
 .text.libgcc.fixed
                0x00000ae0        0x0 /usr/lib/gcc/avr/4.8.2/avr4/libgcc.a(_mulshisi3.o)
 .text.libgcc.mul
                0x00000ae0        0x0 /usr/lib/gcc/avr/4.8.2/avr4/libgcc.a(_divmodsi4.o)
 .text.libgcc.div
                0x00000ae0       0x28 /usr/lib/gcc/avr/4.8.2/avr4/libgcc.a(_divmodsi4.o)
                0x00000ae0                __divmodsi4
 .text.libgcc   0x00000b08        0x0 /usr/lib/gcc/avr/4.8.2/avr4/libgcc.a(_divmodsi4.o)
 .text.libgcc.prologue
                0x00000b08        0x0 /usr/lib/gcc/avr/4.8.2/avr4/libgcc.a(_divmodsi4.o)
 .text.libgcc.builtins
                0x00000b08        0x0 /usr/lib/gcc/avr/4.8.2/avr4/libgcc.a(_divmodsi4.o)
 .text.libgcc.fmul
                0x00000b08        0x0 /usr/lib/gcc/avr/4.8.2/avr4/libgcc.a(_divmodsi4.o)
 .text.libgcc.fixed
                0x00000b08        0x0 /usr/lib/gcc/avr/4.8.2/avr4/libgcc.a(_divmodsi4.o)
 .text.libgcc.mul
                0x00000b08        0x0 /usr/lib/gcc/avr/4.8.2/avr4/libgcc.a(_negsi2.o)
 .text.libgcc.div
                0x00000b08       0x10 /usr/lib/gcc/avr/4.8.2/avr4/libgcc.a(_negsi2.o)
                0x00000b08                __negsi2
 .text.libgcc   0x00000b18        0x0 /usr/lib/gcc/avr/4.8.2/avr4/libgcc.a(_negsi2.o)
 .text.libgcc.prologue
                0x00000b18        0x0 /usr/lib/gcc/avr/4.8.2/avr4/libgcc.a(_negsi2.o)
 .text.libgcc.builtins
                0x00000b18        0x0 /usr/lib/gcc/avr/4.8.2/avr4/libgcc.a(_negsi2.o)
 .text.libgcc.fmul
                0x00000b18        0x0 /usr/lib/gcc/avr/4.8.2/avr4/libgcc.a(_negsi2.o)
 .text.libgcc.fixed
                0x00000b18        0x0 /usr/lib/gcc/avr/4.8.2/avr4/libgcc.a(_negsi2.o)
 .text.libgcc.mul
                0x00000b18        0x0 /usr/lib/gcc/avr/4.8.2/avr4/libgcc.a(_copy_data.o)
 .text.libgcc.div
                0x00000b18        0x0 /usr/lib/gcc/avr/4.8.2/avr4/libgcc.a(_copy_data.o)
 .text.libgcc   0x00000b18        0x0 /usr/lib/gcc/avr/4.8.2/avr4/libgcc.a(_copy_data.o)
 .text.libgcc.prologue
                0x00000b18        0x0 /usr/lib/gcc/avr/4.8.2/avr4/libgcc.a(_copy_data.o)
 .text.libgcc.builtins
                0x00000b18        0x0 /usr/lib/gcc/avr/4.8.2/avr4/libgcc.a(_copy_data.o)
 .text.libgcc.fmul
                0x00000b18        0x0 /usr/lib/gcc/avr/4.8.2/avr4/libgcc.a(_copy_data.o)
 .text.libgcc.fixed
                0x00000b18        0x0 /usr/lib/gcc/avr/4.8.2/avr4/libgcc.a(_copy_data.o)
 .text.libgcc.mul
                0x00000b18       0x18 /usr/lib/gcc/avr/4.8.2/avr4/libgcc.a(_umulhisi3.o)
                0x00000b18                __umulhisi3
 .text.libgcc.div
                0x00000b30        0x0 /usr/lib/gcc/avr/4.8.2/avr4/libgcc.a(_umulhisi3.o)
 .text.libgcc   0x00000b30        0x0 /usr/lib/gcc/avr/4.8.2/avr4/libgcc.a(_umulhisi3.o)
 .text.libgcc.prologue
                0x00000b30        0x0 /usr/lib/gcc/avr/4.8.2/avr4/libgcc.a(_umulhisi3.o)
 .text.libgcc.builtins
                0x00000b30        0x0 /usr/lib/gcc/avr/4.8.2/avr4/libgcc.a(_umulhisi3.o)
 .text.libgcc.fmul
                0x00000b30        0x0 /usr/lib/gcc/avr/4.8.2/avr4/libgcc.a(_umulhisi3.o)
 .text.libgcc.fixed
                0x00000b30        0x0 /usr/lib/gcc/avr/4.8.2/avr4/libgcc.a(_umulhisi3.o)
 .text.libgcc.mul
                0x00000b30        0x0 /usr/lib/gcc/avr/4.8.2/avr4/libgcc.a(_udivmodsi4.o)
 .text.libgcc.div
                0x00000b30       0x44 /usr/lib/gcc/avr/4.8.2/avr4/libgcc.a(_udivmodsi4.o)
                0x00000b30                __udivmodsi4
 .text.libgcc   0x00000b74        0x0 /usr/lib/gcc/avr/4.8.2/avr4/libgcc.a(_udivmodsi4.o)
 .text.libgcc.prologue
                0x00000b74        0x0 /usr/lib/gcc/avr/4.8.2/avr4/libgcc.a(_udivmodsi4.o)
 .text.libgcc.builtins
                0x00000b74        0x0 /usr/lib/gcc/avr/4.8.2/avr4/libgcc.a(_udivmodsi4.o)
 .text.libgcc.fmul
                0x00000b74        0x0 /usr/lib/gcc/avr/4.8.2/avr4/libgcc.a(_udivmodsi4.o)
 .text.libgcc.fixed
                0x00000b74        0x0 /usr/lib/gcc/avr/4.8.2/avr4/libgcc.a(_udivmodsi4.o)
                0x00000b74                . = ALIGN (0x2)
 *(.fini9)
 .fini9         0x00000b74        0x0 /usr/lib/gcc/avr/4.8.2/avr4/libgcc.a(_exit.o)
                0x00000b74                exit
                0x00000b74                _exit
 *(.fini9)
 *(.fini8)
 *(.fini8)
 *(.fini7)
 *(.fini7)
 *(.fini6)
 *(.fini6)
 *(.fini5)
 *(.fini5)
 *(.fini4)
 *(.fini4)
 *(.fini3)
 *(.fini3)
 *(.fini2)
 *(.fini2)
 *(.fini1)
 *(.fini1)
 *(.fini0)
 .fini0         0x00000b74        0x4 /usr/lib/gcc/avr/4.8.2/avr4/libgcc.a(_exit.o)
 *(.fini0)
                0x00000b78                _etext = .

.data           0x00800060        0x4 load address 0x00000b78
                0x00800060                PROVIDE (__data_start, .)
 *(.data)
 .data          0x00800060        0x0 /usr/lib/gcc/avr/4.8.2/../../../avr/lib/avr4/crtm8.o
 .data          0x00800060        0x0 obj/Release/main.o
 .data          0x00800060        0x0 /usr/lib/gcc/avr/4.8.2/avr4/libgcc.a(_exit.o)
 .data          0x00800060        0x0 /usr/lib/gcc/avr/4.8.2/avr4/libgcc.a(_clear_bss.o)
 .data          0x00800060        0x0 /usr/lib/gcc/avr/4.8.2/../../../avr/lib/avr4/libm.a(addsf3.o)
 .data          0x00800060        0x0 /usr/lib/gcc/avr/4.8.2/../../../avr/lib/avr4/libm.a(addsf3x.o)
 .data          0x00800060        0x0 /usr/lib/gcc/avr/4.8.2/../../../avr/lib/avr4/libm.a(ceil.o)
 .data          0x00800060        0x0 /usr/lib/gcc/avr/4.8.2/../../../avr/lib/avr4/libm.a(cmpsf2.o)
 .data          0x00800060        0x0 /usr/lib/gcc/avr/4.8.2/../../../avr/lib/avr4/libm.a(divsf3.o)
 .data          0x00800060        0x0 /usr/lib/gcc/avr/4.8.2/../../../avr/lib/avr4/libm.a(divsf3x.o)
 .data          0x00800060        0x0 /usr/lib/gcc/avr/4.8.2/../../../avr/lib/avr4/libm.a(fixunssfsi.o)
 .data          0x00800060        0x0 /usr/lib/gcc/avr/4.8.2/../../../avr/lib/avr4/libm.a(floatsisf.o)
 .data          0x00800060        0x0 /usr/lib/gcc/avr/4.8.2/../../../avr/lib/avr4/libm.a(fp_cmp.o)
 .data          0x00800060        0x0 /usr/lib/gcc/avr/4.8.2/../../../avr/lib/avr4/libm.a(fp_inf.o)
 .data          0x00800060        0x0 /usr/lib/gcc/avr/4.8.2/../../../avr/lib/avr4/libm.a(fp_mintl.o)
 .data          0x00800060        0x0 /usr/lib/gcc/avr/4.8.2/../../../avr/lib/avr4/libm.a(fp_mpack.o)
 .data          0x00800060        0x0 /usr/lib/gcc/avr/4.8.2/../../../avr/lib/avr4/libm.a(fp_nan.o)
 .data          0x00800060        0x0 /usr/lib/gcc/avr/4.8.2/../../../avr/lib/avr4/libm.a(fp_pscA.o)
 .data          0x00800060        0x0 /usr/lib/gcc/avr/4.8.2/../../../avr/lib/avr4/libm.a(fp_pscB.o)
 .data          0x00800060        0x0 /usr/lib/gcc/avr/4.8.2/../../../avr/lib/avr4/libm.a(fp_round.o)
 .data          0x00800060        0x0 /usr/lib/gcc/avr/4.8.2/../../../avr/lib/avr4/libm.a(fp_split3.o)
 .data          0x00800060        0x0 /usr/lib/gcc/avr/4.8.2/../../../avr/lib/avr4/libm.a(fp_trunc.o)
 .data          0x00800060        0x0 /usr/lib/gcc/avr/4.8.2/../../../avr/lib/avr4/libm.a(fp_zero.o)
 .data          0x00800060        0x0 /usr/lib/gcc/avr/4.8.2/../../../avr/lib/avr4/libm.a(mulsf3.o)
 .data          0x00800060        0x0 /usr/lib/gcc/avr/4.8.2/../../../avr/lib/avr4/libm.a(mulsf3x.o)
 .data          0x00800060        0x4 /usr/lib/gcc/avr/4.8.2/../../../avr/lib/avr4/libc.a(rand.o)
 .data          0x00800064        0x0 /usr/lib/gcc/avr/4.8.2/avr4/libgcc.a(_muluhisi3.o)
 .data          0x00800064        0x0 /usr/lib/gcc/avr/4.8.2/avr4/libgcc.a(_mulshisi3.o)
 .data          0x00800064        0x0 /usr/lib/gcc/avr/4.8.2/avr4/libgcc.a(_divmodsi4.o)
 .data          0x00800064        0x0 /usr/lib/gcc/avr/4.8.2/avr4/libgcc.a(_negsi2.o)
 .data          0x00800064        0x0 /usr/lib/gcc/avr/4.8.2/avr4/libgcc.a(_copy_data.o)
 .data          0x00800064        0x0 /usr/lib/gcc/avr/4.8.2/avr4/libgcc.a(_umulhisi3.o)
 .data          0x00800064        0x0 /usr/lib/gcc/avr/4.8.2/avr4/libgcc.a(_udivmodsi4.o)
 *(.data*)
 *(.rodata)
 *(.rodata*)
 *(.gnu.linkonce.d*)
                0x00800064                . = ALIGN (0x2)
                0x00800064                _edata = .
                0x00800064                PROVIDE (__data_end, .)

.bss            0x00800064       0x20
                0x00800064                PROVIDE (__bss_start, .)
 *(.bss)
 .bss           0x00800064        0x0 /usr/lib/gcc/avr/4.8.2/../../../avr/lib/avr4/crtm8.o
 .bss           0x00800064        0x0 obj/Release/main.o
 .bss           0x00800064        0x0 /usr/lib/gcc/avr/4.8.2/avr4/libgcc.a(_exit.o)
 .bss           0x00800064        0x0 /usr/lib/gcc/avr/4.8.2/avr4/libgcc.a(_clear_bss.o)
 .bss           0x00800064        0x0 /usr/lib/gcc/avr/4.8.2/../../../avr/lib/avr4/libm.a(addsf3.o)
 .bss           0x00800064        0x0 /usr/lib/gcc/avr/4.8.2/../../../avr/lib/avr4/libm.a(addsf3x.o)
 .bss           0x00800064        0x0 /usr/lib/gcc/avr/4.8.2/../../../avr/lib/avr4/libm.a(ceil.o)
 .bss           0x00800064        0x0 /usr/lib/gcc/avr/4.8.2/../../../avr/lib/avr4/libm.a(cmpsf2.o)
 .bss           0x00800064        0x0 /usr/lib/gcc/avr/4.8.2/../../../avr/lib/avr4/libm.a(divsf3.o)
 .bss           0x00800064        0x0 /usr/lib/gcc/avr/4.8.2/../../../avr/lib/avr4/libm.a(divsf3x.o)
 .bss           0x00800064        0x0 /usr/lib/gcc/avr/4.8.2/../../../avr/lib/avr4/libm.a(fixunssfsi.o)
 .bss           0x00800064        0x0 /usr/lib/gcc/avr/4.8.2/../../../avr/lib/avr4/libm.a(floatsisf.o)
 .bss           0x00800064        0x0 /usr/lib/gcc/avr/4.8.2/../../../avr/lib/avr4/libm.a(fp_cmp.o)
 .bss           0x00800064        0x0 /usr/lib/gcc/avr/4.8.2/../../../avr/lib/avr4/libm.a(fp_inf.o)
 .bss           0x00800064        0x0 /usr/lib/gcc/avr/4.8.2/../../../avr/lib/avr4/libm.a(fp_mintl.o)
 .bss           0x00800064        0x0 /usr/lib/gcc/avr/4.8.2/../../../avr/lib/avr4/libm.a(fp_mpack.o)
 .bss           0x00800064        0x0 /usr/lib/gcc/avr/4.8.2/../../../avr/lib/avr4/libm.a(fp_nan.o)
 .bss           0x00800064        0x0 /usr/lib/gcc/avr/4.8.2/../../../avr/lib/avr4/libm.a(fp_pscA.o)
 .bss           0x00800064        0x0 /usr/lib/gcc/avr/4.8.2/../../../avr/lib/avr4/libm.a(fp_pscB.o)
 .bss           0x00800064        0x0 /usr/lib/gcc/avr/4.8.2/../../../avr/lib/avr4/libm.a(fp_round.o)
 .bss           0x00800064        0x0 /usr/lib/gcc/avr/4.8.2/../../../avr/lib/avr4/libm.a(fp_split3.o)
 .bss           0x00800064        0x0 /usr/lib/gcc/avr/4.8.2/../../../avr/lib/avr4/libm.a(fp_trunc.o)
 .bss           0x00800064        0x0 /usr/lib/gcc/avr/4.8.2/../../../avr/lib/avr4/libm.a(fp_zero.o)
 .bss           0x00800064        0x0 /usr/lib/gcc/avr/4.8.2/../../../avr/lib/avr4/libm.a(mulsf3.o)
 .bss           0x00800064        0x0 /usr/lib/gcc/avr/4.8.2/../../../avr/lib/avr4/libm.a(mulsf3x.o)
 .bss           0x00800064        0x0 /usr/lib/gcc/avr/4.8.2/../../../avr/lib/avr4/libc.a(rand.o)
 .bss           0x00800064        0x0 /usr/lib/gcc/avr/4.8.2/avr4/libgcc.a(_muluhisi3.o)
 .bss           0x00800064        0x0 /usr/lib/gcc/avr/4.8.2/avr4/libgcc.a(_mulshisi3.o)
 .bss           0x00800064        0x0 /usr/lib/gcc/avr/4.8.2/avr4/libgcc.a(_divmodsi4.o)
 .bss           0x00800064        0x0 /usr/lib/gcc/avr/4.8.2/avr4/libgcc.a(_negsi2.o)
 .bss           0x00800064        0x0 /usr/lib/gcc/avr/4.8.2/avr4/libgcc.a(_copy_data.o)
 .bss           0x00800064        0x0 /usr/lib/gcc/avr/4.8.2/avr4/libgcc.a(_umulhisi3.o)
 .bss           0x00800064        0x0 /usr/lib/gcc/avr/4.8.2/avr4/libgcc.a(_udivmodsi4.o)
 *(.bss*)
 *(COMMON)
 COMMON         0x00800064       0x20 obj/Release/main.o
                0x00800064                tgreen
                0x00800066                blue
                0x0080006a                delta_green
                0x0080006e                delta_blue
                0x00800072                tblue
                0x00800074                tred
                0x00800076                green
                0x0080007a                red
                0x0080007e                time
                0x00800080                delta_red
                0x00800084                PROVIDE (__bss_end, .)
                0x00000b78                __data_load_start = LOADADDR (.data)
                0x00000b7c                __data_load_end = (__data_load_start + SIZEOF (.data))

.noinit         0x00800084        0x0
                0x00800084                PROVIDE (__noinit_start, .)
 *(.noinit*)
                0x00800084                PROVIDE (__noinit_end, .)
                0x00800084                _end = .
                0x00800084                PROVIDE (__heap_start, .)

.eeprom         0x00810000        0x0
 *(.eeprom*)
                0x00810000                __eeprom_end = .

.fuse
 *(.fuse)
 *(.lfuse)
 *(.hfuse)
 *(.efuse)

.lock
 *(.lock*)

.signature
 *(.signature*)

.user_signatures
 *(.user_signatures*)

.stab           0x00000000     0x2cb8
 *(.stab)
 .stab          0x00000000      0x6cc /usr/lib/gcc/avr/4.8.2/../../../avr/lib/avr4/crtm8.o
 .stab          0x000006cc       0x78 /usr/lib/gcc/avr/4.8.2/../../../avr/lib/avr4/libm.a(addsf3.o)
                                 0x84 (size before relaxing)
 .stab          0x00000744      0x4bc /usr/lib/gcc/avr/4.8.2/../../../avr/lib/avr4/libm.a(addsf3x.o)
                                0x4c8 (size before relaxing)
 .stab          0x00000c00      0x114 /usr/lib/gcc/avr/4.8.2/../../../avr/lib/avr4/libm.a(ceil.o)
                                0x120 (size before relaxing)
 .stab          0x00000d14       0x90 /usr/lib/gcc/avr/4.8.2/../../../avr/lib/avr4/libm.a(cmpsf2.o)
                                 0x9c (size before relaxing)
 .stab          0x00000da4       0x48 /usr/lib/gcc/avr/4.8.2/../../../avr/lib/avr4/libm.a(divsf3.o)
                                 0x54 (size before relaxing)
 .stab          0x00000dec      0x510 /usr/lib/gcc/avr/4.8.2/../../../avr/lib/avr4/libm.a(divsf3x.o)
                                0x51c (size before relaxing)
 .stab          0x000012fc      0x240 /usr/lib/gcc/avr/4.8.2/../../../avr/lib/avr4/libm.a(fixunssfsi.o)
                                0x24c (size before relaxing)
 .stab          0x0000153c      0x318 /usr/lib/gcc/avr/4.8.2/../../../avr/lib/avr4/libm.a(floatsisf.o)
                                0x324 (size before relaxing)
 .stab          0x00001854      0x1e0 /usr/lib/gcc/avr/4.8.2/../../../avr/lib/avr4/libm.a(fp_cmp.o)
                                0x1ec (size before relaxing)
 .stab          0x00001a34       0x78 /usr/lib/gcc/avr/4.8.2/../../../avr/lib/avr4/libm.a(fp_inf.o)
                                 0x84 (size before relaxing)
 .stab          0x00001aac      0x174 /usr/lib/gcc/avr/4.8.2/../../../avr/lib/avr4/libm.a(fp_mintl.o)
                                0x180 (size before relaxing)
 .stab          0x00001c20       0xe4 /usr/lib/gcc/avr/4.8.2/../../../avr/lib/avr4/libm.a(fp_mpack.o)
                                 0xf0 (size before relaxing)
 .stab          0x00001d04       0x54 /usr/lib/gcc/avr/4.8.2/../../../avr/lib/avr4/libm.a(fp_nan.o)
                                 0x60 (size before relaxing)
 .stab          0x00001d58       0x84 /usr/lib/gcc/avr/4.8.2/../../../avr/lib/avr4/libm.a(fp_pscA.o)
                                 0x90 (size before relaxing)
 .stab          0x00001ddc       0x84 /usr/lib/gcc/avr/4.8.2/../../../avr/lib/avr4/libm.a(fp_pscB.o)
                                 0x90 (size before relaxing)
 .stab          0x00001e60       0xfc /usr/lib/gcc/avr/4.8.2/../../../avr/lib/avr4/libm.a(fp_round.o)
                                0x108 (size before relaxing)
 .stab          0x00001f5c      0x1d4 /usr/lib/gcc/avr/4.8.2/../../../avr/lib/avr4/libm.a(fp_split3.o)
                                0x1e0 (size before relaxing)
 .stab          0x00002130      0x144 /usr/lib/gcc/avr/4.8.2/../../../avr/lib/avr4/libm.a(fp_trunc.o)
                                0x150 (size before relaxing)
 .stab          0x00002274       0x90 /usr/lib/gcc/avr/4.8.2/../../../avr/lib/avr4/libm.a(fp_zero.o)
                                 0x9c (size before relaxing)
 .stab          0x00002304       0x48 /usr/lib/gcc/avr/4.8.2/../../../avr/lib/avr4/libm.a(mulsf3.o)
                                 0x54 (size before relaxing)
 .stab          0x0000234c      0x4d4 /usr/lib/gcc/avr/4.8.2/../../../avr/lib/avr4/libm.a(mulsf3x.o)
                                0x4e0 (size before relaxing)
 .stab          0x00002820      0x498 /usr/lib/gcc/avr/4.8.2/../../../avr/lib/avr4/libc.a(rand.o)
                                0x4a4 (size before relaxing)

.stabstr        0x00000000      0xd3a
 *(.stabstr)
 .stabstr       0x00000000      0xd3a /usr/lib/gcc/avr/4.8.2/../../../avr/lib/avr4/crtm8.o

.stab.excl
 *(.stab.excl)

.stab.exclstr
 *(.stab.exclstr)

.stab.index
 *(.stab.index)

.stab.indexstr
 *(.stab.indexstr)

.comment        0x00000000       0x11
 *(.comment)
 .comment       0x00000000       0x11 obj/Release/main.o
                                 0x12 (size before relaxing)
 .comment       0x00000000       0x12 /usr/lib/gcc/avr/4.8.2/../../../avr/lib/avr4/libc.a(rand.o)

.debug
 *(.debug)

.line
 *(.line)

.debug_srcinfo
 *(.debug_srcinfo)

.debug_sfnames
 *(.debug_sfnames)

.debug_aranges
 *(.debug_aranges)

.debug_pubnames
 *(.debug_pubnames)

.debug_info
 *(.debug_info)
 *(.gnu.linkonce.wi.*)

.debug_abbrev
 *(.debug_abbrev)

.debug_line
 *(.debug_line)

.debug_frame
 *(.debug_frame)

.debug_str
 *(.debug_str)

.debug_loc
 *(.debug_loc)

.debug_macinfo
 *(.debug_macinfo)

.debug_pubtypes
 *(.debug_pubtypes)

.debug_ranges
 *(.debug_ranges)

.debug_macro
 *(.debug_macro)
OUTPUT(bin/Release/rgb_pwm.elf elf32-avr)
LOAD linker stubs

Cross Reference Table

Symbol                                            File
__addsf3                                          /usr/lib/gcc/avr/4.8.2/../../../avr/lib/avr4/libm.a(addsf3.o)
                                                  obj/Release/main.o
__addsf3x                                         /usr/lib/gcc/avr/4.8.2/../../../avr/lib/avr4/libm.a(addsf3x.o)
                                                  /usr/lib/gcc/avr/4.8.2/../../../avr/lib/avr4/libm.a(addsf3.o)
__bad_interrupt                                   /usr/lib/gcc/avr/4.8.2/../../../avr/lib/avr4/crtm8.o
__bss_end                                         /usr/lib/gcc/avr/4.8.2/avr4/libgcc.a(_clear_bss.o)
__bss_start                                       /usr/lib/gcc/avr/4.8.2/avr4/libgcc.a(_clear_bss.o)
__cmpsf2                                          /usr/lib/gcc/avr/4.8.2/../../../avr/lib/avr4/libm.a(cmpsf2.o)
__data_end                                        /usr/lib/gcc/avr/4.8.2/avr4/libgcc.a(_copy_data.o)
__data_load_start                                 /usr/lib/gcc/avr/4.8.2/avr4/libgcc.a(_copy_data.o)
__data_start                                      /usr/lib/gcc/avr/4.8.2/avr4/libgcc.a(_copy_data.o)
__divmodsi4                                       /usr/lib/gcc/avr/4.8.2/avr4/libgcc.a(_divmodsi4.o)
                                                  /usr/lib/gcc/avr/4.8.2/../../../avr/lib/avr4/libc.a(rand.o)
__divsf3                                          /usr/lib/gcc/avr/4.8.2/../../../avr/lib/avr4/libm.a(divsf3.o)
                                                  obj/Release/main.o
__divsf3_pse                                      /usr/lib/gcc/avr/4.8.2/../../../avr/lib/avr4/libm.a(divsf3x.o)
__divsf3x                                         /usr/lib/gcc/avr/4.8.2/../../../avr/lib/avr4/libm.a(divsf3x.o)
                                                  /usr/lib/gcc/avr/4.8.2/../../../avr/lib/avr4/libm.a(divsf3.o)
__do_clear_bss                                    /usr/lib/gcc/avr/4.8.2/avr4/libgcc.a(_clear_bss.o)
                                                  obj/Release/main.o
__do_copy_data                                    /usr/lib/gcc/avr/4.8.2/avr4/libgcc.a(_copy_data.o)
                                                  /usr/lib/gcc/avr/4.8.2/../../../avr/lib/avr4/libc.a(rand.o)
__eqsf2                                           /usr/lib/gcc/avr/4.8.2/../../../avr/lib/avr4/libm.a(cmpsf2.o)
__fixunssfsi                                      /usr/lib/gcc/avr/4.8.2/../../../avr/lib/avr4/libm.a(fixunssfsi.o)
                                                  obj/Release/main.o
__floatsisf                                       /usr/lib/gcc/avr/4.8.2/../../../avr/lib/avr4/libm.a(floatsisf.o)
__floatunsisf                                     /usr/lib/gcc/avr/4.8.2/../../../avr/lib/avr4/libm.a(floatsisf.o)
                                                  obj/Release/main.o
__fp_cmp                                          /usr/lib/gcc/avr/4.8.2/../../../avr/lib/avr4/libm.a(fp_cmp.o)
                                                  /usr/lib/gcc/avr/4.8.2/../../../avr/lib/avr4/libm.a(cmpsf2.o)
__fp_inf                                          /usr/lib/gcc/avr/4.8.2/../../../avr/lib/avr4/libm.a(fp_inf.o)
                                                  /usr/lib/gcc/avr/4.8.2/../../../avr/lib/avr4/libm.a(mulsf3x.o)
                                                  /usr/lib/gcc/avr/4.8.2/../../../avr/lib/avr4/libm.a(divsf3x.o)
                                                  /usr/lib/gcc/avr/4.8.2/../../../avr/lib/avr4/libm.a(addsf3x.o)
__fp_mintl                                        /usr/lib/gcc/avr/4.8.2/../../../avr/lib/avr4/libm.a(fp_mintl.o)
                                                  /usr/lib/gcc/avr/4.8.2/../../../avr/lib/avr4/libm.a(ceil.o)
__fp_mpack                                        /usr/lib/gcc/avr/4.8.2/../../../avr/lib/avr4/libm.a(fp_mpack.o)
                                                  /usr/lib/gcc/avr/4.8.2/../../../avr/lib/avr4/libm.a(ceil.o)
__fp_mpack_finite                                 /usr/lib/gcc/avr/4.8.2/../../../avr/lib/avr4/libm.a(fp_mpack.o)
__fp_nan                                          /usr/lib/gcc/avr/4.8.2/../../../avr/lib/avr4/libm.a(fp_nan.o)
                                                  /usr/lib/gcc/avr/4.8.2/../../../avr/lib/avr4/libm.a(mulsf3x.o)
                                                  /usr/lib/gcc/avr/4.8.2/../../../avr/lib/avr4/libm.a(divsf3x.o)
                                                  /usr/lib/gcc/avr/4.8.2/../../../avr/lib/avr4/libm.a(addsf3x.o)
__fp_pscA                                         /usr/lib/gcc/avr/4.8.2/../../../avr/lib/avr4/libm.a(fp_pscA.o)
                                                  /usr/lib/gcc/avr/4.8.2/../../../avr/lib/avr4/libm.a(mulsf3x.o)
                                                  /usr/lib/gcc/avr/4.8.2/../../../avr/lib/avr4/libm.a(divsf3x.o)
                                                  /usr/lib/gcc/avr/4.8.2/../../../avr/lib/avr4/libm.a(addsf3x.o)
__fp_pscB                                         /usr/lib/gcc/avr/4.8.2/../../../avr/lib/avr4/libm.a(fp_pscB.o)
                                                  /usr/lib/gcc/avr/4.8.2/../../../avr/lib/avr4/libm.a(mulsf3x.o)
                                                  /usr/lib/gcc/avr/4.8.2/../../../avr/lib/avr4/libm.a(divsf3x.o)
                                                  /usr/lib/gcc/avr/4.8.2/../../../avr/lib/avr4/libm.a(addsf3x.o)
__fp_round                                        /usr/lib/gcc/avr/4.8.2/../../../avr/lib/avr4/libm.a(fp_round.o)
                                                  /usr/lib/gcc/avr/4.8.2/../../../avr/lib/avr4/libm.a(mulsf3.o)
                                                  /usr/lib/gcc/avr/4.8.2/../../../avr/lib/avr4/libm.a(divsf3.o)
                                                  /usr/lib/gcc/avr/4.8.2/../../../avr/lib/avr4/libm.a(addsf3.o)
__fp_split3                                       /usr/lib/gcc/avr/4.8.2/../../../avr/lib/avr4/libm.a(fp_split3.o)
                                                  /usr/lib/gcc/avr/4.8.2/../../../avr/lib/avr4/libm.a(mulsf3x.o)
                                                  /usr/lib/gcc/avr/4.8.2/../../../avr/lib/avr4/libm.a(divsf3x.o)
                                                  /usr/lib/gcc/avr/4.8.2/../../../avr/lib/avr4/libm.a(addsf3x.o)
__fp_splitA                                       /usr/lib/gcc/avr/4.8.2/../../../avr/lib/avr4/libm.a(fp_split3.o)
                                                  /usr/lib/gcc/avr/4.8.2/../../../avr/lib/avr4/libm.a(fp_trunc.o)
                                                  /usr/lib/gcc/avr/4.8.2/../../../avr/lib/avr4/libm.a(fixunssfsi.o)
__fp_szero                                        /usr/lib/gcc/avr/4.8.2/../../../avr/lib/avr4/libm.a(fp_zero.o)
                                                  /usr/lib/gcc/avr/4.8.2/../../../avr/lib/avr4/libm.a(mulsf3x.o)
                                                  /usr/lib/gcc/avr/4.8.2/../../../avr/lib/avr4/libm.a(divsf3x.o)
                                                  /usr/lib/gcc/avr/4.8.2/../../../avr/lib/avr4/libm.a(ceil.o)
__fp_trunc                                        /usr/lib/gcc/avr/4.8.2/../../../avr/lib/avr4/libm.a(fp_trunc.o)
                                                  /usr/lib/gcc/avr/4.8.2/../../../avr/lib/avr4/libm.a(ceil.o)
__fp_zero                                         /usr/lib/gcc/avr/4.8.2/../../../avr/lib/avr4/libm.a(fp_zero.o)
                                                  /usr/lib/gcc/avr/4.8.2/../../../avr/lib/avr4/libm.a(fixunssfsi.o)
                                                  /usr/lib/gcc/avr/4.8.2/../../../avr/lib/avr4/libm.a(addsf3x.o)
__heap_end                                        /usr/lib/gcc/avr/4.8.2/../../../avr/lib/avr4/crtm8.o
__init                                            /usr/lib/gcc/avr/4.8.2/../../../avr/lib/avr4/crtm8.o
__lesf2                                           /usr/lib/gcc/avr/4.8.2/../../../avr/lib/avr4/libm.a(cmpsf2.o)
__ltsf2                                           /usr/lib/gcc/avr/4.8.2/../../../avr/lib/avr4/libm.a(cmpsf2.o)
__mulohisi3                                       /usr/lib/gcc/avr/4.8.2/avr4/libgcc.a(_mulshisi3.o)
                                                  /usr/lib/gcc/avr/4.8.2/../../../avr/lib/avr4/libc.a(rand.o)
__mulsf3                                          /usr/lib/gcc/avr/4.8.2/../../../avr/lib/avr4/libm.a(mulsf3.o)
                                                  obj/Release/main.o
__mulsf3_pse                                      /usr/lib/gcc/avr/4.8.2/../../../avr/lib/avr4/libm.a(mulsf3x.o)
__mulsf3x                                         /usr/lib/gcc/avr/4.8.2/../../../avr/lib/avr4/libm.a(mulsf3x.o)
                                                  /usr/lib/gcc/avr/4.8.2/../../../avr/lib/avr4/libm.a(mulsf3.o)
__mulshisi3                                       /usr/lib/gcc/avr/4.8.2/avr4/libgcc.a(_mulshisi3.o)
__muluhisi3                                       /usr/lib/gcc/avr/4.8.2/avr4/libgcc.a(_muluhisi3.o)
                                                  /usr/lib/gcc/avr/4.8.2/avr4/libgcc.a(_mulshisi3.o)
                                                  /usr/lib/gcc/avr/4.8.2/../../../avr/lib/avr4/libc.a(rand.o)
__negsi2                                          /usr/lib/gcc/avr/4.8.2/avr4/libgcc.a(_negsi2.o)
                                                  /usr/lib/gcc/avr/4.8.2/avr4/libgcc.a(_divmodsi4.o)
__nesf2                                           /usr/lib/gcc/avr/4.8.2/../../../avr/lib/avr4/libm.a(cmpsf2.o)
                                                  obj/Release/main.o
__stack                                           /usr/lib/gcc/avr/4.8.2/../../../avr/lib/avr4/crtm8.o
__subsf3                                          /usr/lib/gcc/avr/4.8.2/../../../avr/lib/avr4/libm.a(addsf3.o)
                                                  obj/Release/main.o
__udivmodsi4                                      /usr/lib/gcc/avr/4.8.2/avr4/libgcc.a(_udivmodsi4.o)
                                                  /usr/lib/gcc/avr/4.8.2/avr4/libgcc.a(_divmodsi4.o)
__umulhisi3                                       /usr/lib/gcc/avr/4.8.2/avr4/libgcc.a(_umulhisi3.o)
                                                  /usr/lib/gcc/avr/4.8.2/avr4/libgcc.a(_muluhisi3.o)
__vector_1                                        /usr/lib/gcc/avr/4.8.2/../../../avr/lib/avr4/crtm8.o
__vector_10                                       /usr/lib/gcc/avr/4.8.2/../../../avr/lib/avr4/crtm8.o
__vector_11                                       /usr/lib/gcc/avr/4.8.2/../../../avr/lib/avr4/crtm8.o
__vector_12                                       /usr/lib/gcc/avr/4.8.2/../../../avr/lib/avr4/crtm8.o
__vector_13                                       /usr/lib/gcc/avr/4.8.2/../../../avr/lib/avr4/crtm8.o
__vector_14                                       /usr/lib/gcc/avr/4.8.2/../../../avr/lib/avr4/crtm8.o
__vector_15                                       /usr/lib/gcc/avr/4.8.2/../../../avr/lib/avr4/crtm8.o
__vector_16                                       /usr/lib/gcc/avr/4.8.2/../../../avr/lib/avr4/crtm8.o
__vector_17                                       /usr/lib/gcc/avr/4.8.2/../../../avr/lib/avr4/crtm8.o
__vector_18                                       /usr/lib/gcc/avr/4.8.2/../../../avr/lib/avr4/crtm8.o
__vector_2                                        /usr/lib/gcc/avr/4.8.2/../../../avr/lib/avr4/crtm8.o
__vector_3                                        /usr/lib/gcc/avr/4.8.2/../../../avr/lib/avr4/crtm8.o
__vector_4                                        /usr/lib/gcc/avr/4.8.2/../../../avr/lib/avr4/crtm8.o
__vector_5                                        /usr/lib/gcc/avr/4.8.2/../../../avr/lib/avr4/crtm8.o
__vector_6                                        /usr/lib/gcc/avr/4.8.2/../../../avr/lib/avr4/crtm8.o
__vector_7                                        /usr/lib/gcc/avr/4.8.2/../../../avr/lib/avr4/crtm8.o
__vector_8                                        /usr/lib/gcc/avr/4.8.2/../../../avr/lib/avr4/crtm8.o
__vector_9                                        /usr/lib/gcc/avr/4.8.2/../../../avr/lib/avr4/crtm8.o
__vector_default                                  /usr/lib/gcc/avr/4.8.2/../../../avr/lib/avr4/crtm8.o
__vectors                                         /usr/lib/gcc/avr/4.8.2/../../../avr/lib/avr4/crtm8.o
_exit                                             /usr/lib/gcc/avr/4.8.2/avr4/libgcc.a(_exit.o)
blue                                              obj/Release/main.o
ceil                                              /usr/lib/gcc/avr/4.8.2/../../../avr/lib/avr4/libm.a(ceil.o)
                                                  obj/Release/main.o
delay                                             obj/Release/main.o
delta_blue                                        obj/Release/main.o
delta_green                                       obj/Release/main.o
delta_red                                         obj/Release/main.o
exit                                              /usr/lib/gcc/avr/4.8.2/avr4/libgcc.a(_exit.o)
                                                  /usr/lib/gcc/avr/4.8.2/../../../avr/lib/avr4/crtm8.o
generate_tagert_color                             obj/Release/main.o
green                                             obj/Release/main.o
main                                              obj/Release/main.o
                                                  /usr/lib/gcc/avr/4.8.2/../../../avr/lib/avr4/crtm8.o
rand                                              /usr/lib/gcc/avr/4.8.2/../../../avr/lib/avr4/libc.a(rand.o)
                                                  obj/Release/main.o
rand_r                                            /usr/lib/gcc/avr/4.8.2/../../../avr/lib/avr4/libc.a(rand.o)
red                                               obj/Release/main.o
srand                                             /usr/lib/gcc/avr/4.8.2/../../../avr/lib/avr4/libc.a(rand.o)
                                                  obj/Release/main.o
tblue                                             obj/Release/main.o
tgreen                                            obj/Release/main.o
time                                              obj/Release/main.o
tred                                              obj/Release/main.o
